TASK:
  - NUMBER: 1
    NAME: "Name"
    PRIORITY: 2
    STATUS: 0
    NEED_TIME_MANAGEMENT: 1
    TOTAL_TIME: 10
    AUTO_REDUCE: 1
    AUTHOR_ID: 1