TASK_CATEGORY:
  - DESCRIPTION: "This is default category"
    ICON: "fa-certificate"
    NAME: "Default"
    PREFIX: "default"